// Jest Snapshot v1, https://goo.gl/fbAQLP

exports[`verificar a renderização 1`] = `[Function]`;
